../Core/Src/lcd.cpp:4:1:LCD::LCD()	16	static
../Core/Src/lcd.cpp:8:16:void __tcf_0()	8	static
../Core/Src/lcd.cpp:7:6:static LCD& LCD::getinstance()	8	static,ignoring_inline_asm
../Core/Src/lcd.cpp:13:6:void LCD::GPIO_ENB()	16	static
../Core/Src/lcd.cpp:18:6:void LCD::delay_ms(int)	24	static
../Core/Src/lcd.cpp:23:6:void LCD::lcd_contrl()	16	static
../Core/Src/lcd.cpp:30:6:void LCD::LCD_RS(int)	16	static
../Core/Src/lcd.cpp:38:6:void LCD::LCD_EN()	24	static
../Core/Src/lcd.cpp:46:6:void LCD::lcd_send(uint8_t)	16	static
../Core/Src/lcd.cpp:53:6:void LCD::LCD_SendByte(int, int)	24	static
../Core/Src/lcd.cpp:64:6:void LCD::lcd_init()	16	static
../Core/Src/lcd.cpp:86:6:void LCD::set_cursor(int, int)	32	static
../Core/Src/lcd.cpp:92:6:void LCD::lcd_string(const char*)	16	static
../Core/Src/lcd.cpp:99:1:LCD::~LCD()	16	static
