../Core/Src/syscalls.c:34:6:USART3_write	16	static
../Core/Src/syscalls.c:59:6:initialise_monitor_handles	4	static
../Core/Src/syscalls.c:63:5:_getpid	4	static
../Core/Src/syscalls.c:68:5:_kill	16	static
../Core/Src/syscalls.c:74:6:_exit	16	static
../Core/Src/syscalls.c:80:27:_read	32	static
../Core/Src/syscalls.c:92:27:_write	32	static
../Core/Src/syscalls.c:103:5:_close	16	static
../Core/Src/syscalls.c:109:5:_fstat	16	static
../Core/Src/syscalls.c:115:5:_isatty	16	static
../Core/Src/syscalls.c:120:5:_lseek	24	static
../Core/Src/syscalls.c:125:5:_open	12	static
../Core/Src/syscalls.c:131:5:_wait	16	static
../Core/Src/syscalls.c:137:5:_unlink	16	static
../Core/Src/syscalls.c:143:5:_times	16	static
../Core/Src/syscalls.c:148:5:_stat	16	static
../Core/Src/syscalls.c:154:5:_link	16	static
../Core/Src/syscalls.c:160:5:_fork	8	static
../Core/Src/syscalls.c:166:5:_execve	24	static
